Archive member included because of file (symbol)

c:/apps/coide/gcc/sourcery g++ lite/bin/../lib/gcc/arm-none-eabi/4.5.1/../../../../arm-none-eabi/lib/thumb2\libc.a(lib_a-sprintf.o)
                              ..\obj\main.o (sprintf)
c:/apps/coide/gcc/sourcery g++ lite/bin/../lib/gcc/arm-none-eabi/4.5.1/../../../../arm-none-eabi/lib/thumb2\libc.a(lib_a-strlen.o)
                              ..\obj\console.o (strlen)
c:/apps/coide/gcc/sourcery g++ lite/bin/../lib/gcc/arm-none-eabi/4.5.1/../../../../arm-none-eabi/lib/thumb2\libc.a(lib_a-strncpy.o)
                              ..\obj\console.o (strncpy)
c:/apps/coide/gcc/sourcery g++ lite/bin/../lib/gcc/arm-none-eabi/4.5.1/../../../../arm-none-eabi/lib/thumb2\libc.a(lib_a-svfprintf.o)
                              c:/apps/coide/gcc/sourcery g++ lite/bin/../lib/gcc/arm-none-eabi/4.5.1/../../../../arm-none-eabi/lib/thumb2\libc.a(lib_a-sprintf.o) (_svfprintf_r)
c:/apps/coide/gcc/sourcery g++ lite/bin/../lib/gcc/arm-none-eabi/4.5.1/../../../../arm-none-eabi/lib/thumb2\libc.a(lib_a-dtoa.o)
                              c:/apps/coide/gcc/sourcery g++ lite/bin/../lib/gcc/arm-none-eabi/4.5.1/../../../../arm-none-eabi/lib/thumb2\libc.a(lib_a-svfprintf.o) (_dtoa_r)
c:/apps/coide/gcc/sourcery g++ lite/bin/../lib/gcc/arm-none-eabi/4.5.1/../../../../arm-none-eabi/lib/thumb2\libc.a(lib_a-impure.o)
                              c:/apps/coide/gcc/sourcery g++ lite/bin/../lib/gcc/arm-none-eabi/4.5.1/../../../../arm-none-eabi/lib/thumb2\libc.a(lib_a-sprintf.o) (_impure_ptr)
c:/apps/coide/gcc/sourcery g++ lite/bin/../lib/gcc/arm-none-eabi/4.5.1/../../../../arm-none-eabi/lib/thumb2\libc.a(lib_a-locale.o)
                              c:/apps/coide/gcc/sourcery g++ lite/bin/../lib/gcc/arm-none-eabi/4.5.1/../../../../arm-none-eabi/lib/thumb2\libc.a(lib_a-svfprintf.o) (_localeconv_r)
c:/apps/coide/gcc/sourcery g++ lite/bin/../lib/gcc/arm-none-eabi/4.5.1/../../../../arm-none-eabi/lib/thumb2\libc.a(lib_a-malloc.o)
                              c:/apps/coide/gcc/sourcery g++ lite/bin/../lib/gcc/arm-none-eabi/4.5.1/../../../../arm-none-eabi/lib/thumb2\libc.a(lib_a-dtoa.o) (malloc)
c:/apps/coide/gcc/sourcery g++ lite/bin/../lib/gcc/arm-none-eabi/4.5.1/../../../../arm-none-eabi/lib/thumb2\libc.a(lib_a-mallocr.o)
                              c:/apps/coide/gcc/sourcery g++ lite/bin/../lib/gcc/arm-none-eabi/4.5.1/../../../../arm-none-eabi/lib/thumb2\libc.a(lib_a-svfprintf.o) (_malloc_r)
c:/apps/coide/gcc/sourcery g++ lite/bin/../lib/gcc/arm-none-eabi/4.5.1/../../../../arm-none-eabi/lib/thumb2\libc.a(lib_a-memchr.o)
                              c:/apps/coide/gcc/sourcery g++ lite/bin/../lib/gcc/arm-none-eabi/4.5.1/../../../../arm-none-eabi/lib/thumb2\libc.a(lib_a-svfprintf.o) (memchr)
c:/apps/coide/gcc/sourcery g++ lite/bin/../lib/gcc/arm-none-eabi/4.5.1/../../../../arm-none-eabi/lib/thumb2\libc.a(lib_a-memcpy.o)
                              c:/apps/coide/gcc/sourcery g++ lite/bin/../lib/gcc/arm-none-eabi/4.5.1/../../../../arm-none-eabi/lib/thumb2\libc.a(lib_a-dtoa.o) (memcpy)
c:/apps/coide/gcc/sourcery g++ lite/bin/../lib/gcc/arm-none-eabi/4.5.1/../../../../arm-none-eabi/lib/thumb2\libc.a(lib_a-mlock.o)
                              c:/apps/coide/gcc/sourcery g++ lite/bin/../lib/gcc/arm-none-eabi/4.5.1/../../../../arm-none-eabi/lib/thumb2\libc.a(lib_a-mallocr.o) (__malloc_lock)
c:/apps/coide/gcc/sourcery g++ lite/bin/../lib/gcc/arm-none-eabi/4.5.1/../../../../arm-none-eabi/lib/thumb2\libc.a(lib_a-mprec.o)
                              c:/apps/coide/gcc/sourcery g++ lite/bin/../lib/gcc/arm-none-eabi/4.5.1/../../../../arm-none-eabi/lib/thumb2\libc.a(lib_a-dtoa.o) (_Balloc)
c:/apps/coide/gcc/sourcery g++ lite/bin/../lib/gcc/arm-none-eabi/4.5.1/../../../../arm-none-eabi/lib/thumb2\libc.a(lib_a-s_fpclassify.o)
                              c:/apps/coide/gcc/sourcery g++ lite/bin/../lib/gcc/arm-none-eabi/4.5.1/../../../../arm-none-eabi/lib/thumb2\libc.a(lib_a-svfprintf.o) (__fpclassifyd)
c:/apps/coide/gcc/sourcery g++ lite/bin/../lib/gcc/arm-none-eabi/4.5.1/../../../../arm-none-eabi/lib/thumb2\libc.a(lib_a-sbrkr.o)
                              c:/apps/coide/gcc/sourcery g++ lite/bin/../lib/gcc/arm-none-eabi/4.5.1/../../../../arm-none-eabi/lib/thumb2\libc.a(lib_a-mallocr.o) (_sbrk_r)
c:/apps/coide/gcc/sourcery g++ lite/bin/../lib/gcc/arm-none-eabi/4.5.1/../../../../arm-none-eabi/lib/thumb2\libc.a(lib_a-strcmp.o)
                              c:/apps/coide/gcc/sourcery g++ lite/bin/../lib/gcc/arm-none-eabi/4.5.1/../../../../arm-none-eabi/lib/thumb2\libc.a(lib_a-locale.o) (strcmp)
c:/apps/coide/gcc/sourcery g++ lite/bin/../lib/gcc/arm-none-eabi/4.5.1/../../../../arm-none-eabi/lib/thumb2\libc.a(lib_a-svfiprintf.o)
                              c:/apps/coide/gcc/sourcery g++ lite/bin/../lib/gcc/arm-none-eabi/4.5.1/../../../../arm-none-eabi/lib/thumb2\libc.a(lib_a-svfprintf.o) (__ssprint_r)
[...]
Memory Configuration

Name             Origin             Length             Attributes
rom              0x00000000         0x00040000         xr
ram              0x20000000         0x00010000         xrw
*default*        0x00000000         0xffffffff

Linker script and memory map

                0x20010000                _eram = 0x20010000

.text           0x00000000     0x9c58
 *(.isr_vector .isr_vector.*)
 .isr_vector    0x00000000      0x100 ..\obj\startup_lm3s.o
                0x00000000                g_pfnVectors
 *(.text .text.* .gnu.linkonce.t.*)
 .text.init_Timer0
                0x00000100       0x50 ..\obj\plat_timer.o
                0x00000100                init_Timer0
 .text.enable_Timer_0
                0x00000150       0x30 ..\obj\plat_timer.o
                0x00000150                enable_Timer_0
 .text.init_Timer3
                0x00000180       0x4c ..\obj\plat_timer.o
                0x00000180                init_Timer3
 .text.enable_Timer_3
                0x000001cc       0x30 ..\obj\plat_timer.o
                0x000001cc                enable_Timer_3
 .text.SystemInit
                0x000001fc      0x238 ..\obj\system_lm3s.o
                0x000001fc                SystemInit
 .text.getOscClk
                0x00000434      0x15c ..\obj\system_lm3s.o
 .text.PROCESSOR_init
                0x00000590       0x14 ..\obj\processor.o
                0x00000590                PROCESSOR_init
 .text.TimerEnable
                0x000005a4       0x34 ..\obj\timer.o
                0x000005a4                TimerEnable
 .text.TimerConfigure
                0x000005d8       0x58 ..\obj\timer.o
                0x000005d8                TimerConfigure
 .text.TimerLoadSet
                0x00000630       0x40 ..\obj\timer.o
                0x00000630                TimerLoadSet
 .text.TimerIntEnable
                0x00000670       0x2c ..\obj\timer.o
                0x00000670                TimerIntEnable
 .text.TimerIntClear
                0x0000069c       0x20 ..\obj\timer.o
                0x0000069c                TimerIntClear
 .text.UARTConfigSetExpClk
                0x000006bc       0xa8 ..\obj\uart.o
                0x000006bc                UARTConfigSetExpClk
 .text.UARTEnable
                0x00000764       0x40 ..\obj\uart.o
                0x00000764                UARTEnable
 .text.UARTDisable
                0x000007a4       0x54 ..\obj\uart.o
                0x000007a4                UARTDisable
 .text.UARTCharPutNonBlocking
                0x000007f8       0x38 ..\obj\uart.o
                0x000007f8                UARTCharPutNonBlocking
 .text.llamada_registrada
                0x00000830       0x60 ..\obj\main.o
                0x00000830                llamada_registrada
 .text.getPiso  0x00000890      0x1e8 ..\obj\main.o
                0x00000890                getPiso
 .text.real_to_array
                0x00000a78       0x84 ..\obj\main.o
                0x00000a78                real_to_array
 .text.read_switches
                0x00000afc       0x40 ..\obj\main.o
                0x00000afc                read_switches
 .text.registrar_llamada
                0x00000b3c      0x1a4 ..\obj\main.o
                0x00000b3c                registrar_llamada
 .text.read_inputs
                0x00000ce0       0x10 ..\obj\main.o
                0x00000ce0                read_inputs
 .text.leer_array_imagen
                0x00000cf0       0x64 ..\obj\main.o
                0x00000cf0                leer_array_imagen
 .text.display_and_UART_Piso
                0x00000d54      0x12c ..\obj\main.o
                0x00000d54                display_and_UART_Piso
 .text.Timer3IntHandler
                0x00000e80       0x44 ..\obj\main.o
                0x00000e80                Timer3IntHandler
 .text.Timer0IntHandler
                0x00000ec4       0x80 ..\obj\main.o
                0x00000ec4                Timer0IntHandler
 .text.DISPLAY_init
                0x00000f44       0x38 ..\obj\main.o
                0x00000f44                DISPLAY_init
 .text.init_structura
                0x00000f7c       0x60 ..\obj\main.o
                0x00000f7c                init_structura
 .text.ELEVATOR_HW_init
                0x00000fdc       0x58 ..\obj\main.o
                0x00000fdc                ELEVATOR_HW_init
 .text.ESPERANDO_accion
                0x00001034      0x198 ..\obj\main.o
                0x00001034                ESPERANDO_accion
 .text.ESPERANDO_evento
                0x000011cc       0xf0 ..\obj\main.o
                0x000011cc                ESPERANDO_evento
 .text.SUBIENDO_accion
                0x000012bc      0x1d0 ..\obj\main.o
                0x000012bc                SUBIENDO_accion
 .text.SUBIENDO_evento
                0x0000148c       0x40 ..\obj\main.o
                0x0000148c                SUBIENDO_evento
 .text.BAJANDO_accion
                0x000014cc      0x1d0 ..\obj\main.o
                0x000014cc                BAJANDO_accion
 .text.BAJANDO_evento
                0x0000169c       0x4c ..\obj\main.o
                0x0000169c                BAJANDO_evento
 .text.ABRIENDO_PUERTAS_accion
                0x000016e8      0x1a0 ..\obj\main.o
                0x000016e8                ABRIENDO_PUERTAS_accion
 .text.ABRIENDO_PUERTAS_evento
                0x00001888       0x44 ..\obj\main.o
                0x00001888                ABRIENDO_PUERTAS_evento
 .text.CERRANDO_PUERTAS_accion
                0x000018cc       0x48 ..\obj\main.o
                0x000018cc                CERRANDO_PUERTAS_accion
 .text.CERRANDO_PUERTAS_evento
                0x00001914       0xa4 ..\obj\main.o
                0x00001914                CERRANDO_PUERTAS_evento
 .text.ELEVATOR_Update
                0x000019b8       0x68 ..\obj\main.o
                0x000019b8                ELEVATOR_Update
 .text.main     0x00001a20       0x14 ..\obj\main.o
                0x00001a20                main
 .text.SysTick_Handler
                0x00001a34       0x40 ..\obj\main.o
                0x00001a34                SysTick_Handler
 .text.SysCtlPeripheralEnable
                0x00001a74       0x58 ..\obj\sysctl.o
                0x00001a74                SysCtlPeripheralEnable
 .text.SysCtlDelay
                0x00001acc        0x8 ..\obj\sysctl.o
                0x00001acc                SysCtlDelay
 .text.SysCtlClockSet
                0x00001ad4      0x290 ..\obj\sysctl.o
                0x00001ad4                SysCtlClockSet
 .text.SysCtlClockGet
                0x00001d64      0x384 ..\obj\sysctl.o
                0x00001d64                SysCtlClockGet
 .text.GPIO_init
                0x000020e8       0x6c ..\obj\LEDs.o
                0x000020e8                GPIO_init
 .text.HW_Gpio_LED_Eth_Green_ON
                0x00002154       0x30 ..\obj\LEDs.o
                0x00002154                HW_Gpio_LED_Eth_Green_ON
 .text.HW_Gpio_LED_Eth_Green_OFF
                0x00002184       0x30 ..\obj\LEDs.o
                0x00002184                HW_Gpio_LED_Eth_Green_OFF
 .text.HW_Gpio_Main_ON
                0x000021b4       0x1c ..\obj\LEDs.o
                0x000021b4                HW_Gpio_Main_ON
 .text.HW_Gpio_Main_OFF
                0x000021d0       0x1c ..\obj\LEDs.o
                0x000021d0                HW_Gpio_Main_OFF
 .text.GPIODirModeSet
                0x000021ec       0x88 ..\obj\gpio.o
                0x000021ec                GPIODirModeSet
 .text.GPIOPadConfigSet
                0x00002274      0x230 ..\obj\gpio.o
                0x00002274                GPIOPadConfigSet
 .text.GPIOPinRead
                0x000024a4       0x28 ..\obj\gpio.o
                0x000024a4                GPIOPinRead
 .text.GPIOPinWrite
                0x000024cc       0x2c ..\obj\gpio.o
                0x000024cc                GPIOPinWrite
 .text.GPIOPinTypeGPIOInput
                0x000024f8       0x34 ..\obj\gpio.o
                0x000024f8                GPIOPinTypeGPIOInput
 .text.GPIOPinTypeGPIOOutput
                0x0000252c       0x34 ..\obj\gpio.o
                0x0000252c                GPIOPinTypeGPIOOutput
 .text.GPIOPinTypeSSI
                0x00002560       0x34 ..\obj\gpio.o
                0x00002560                GPIOPinTypeSSI
 .text.GPIOPinTypeUART
                0x00002594       0x34 ..\obj\gpio.o
                0x00002594                GPIOPinTypeUART
 .text.IntMasterEnable
                0x000025c8       0x10 ..\obj\interrupt.o
                0x000025c8                IntMasterEnable
 .text.IntEnable
                0x000025d8       0xd8 ..\obj\interrupt.o
                0x000025d8                IntEnable
 .text.IntDisable
                0x000026b0       0xd8 ..\obj\interrupt.o
                0x000026b0                IntDisable
 .text.RITWriteCommand
                0x00002788       0xfc ..\obj\rit128x96x4.o
 .text.RITWriteData
                0x00002884       0xfc ..\obj\rit128x96x4.o
 .text.RIT128x96x4Clear
                0x00002980       0x9c ..\obj\rit128x96x4.o
                0x00002980                RIT128x96x4Clear
 .text.RIT128x96x4StringDraw
                0x00002a1c      0x1e0 ..\obj\rit128x96x4.o
                0x00002a1c                RIT128x96x4StringDraw
 .text.RIT128x96x4Enable
                0x00002bfc       0xa4 ..\obj\rit128x96x4.o
                0x00002bfc                RIT128x96x4Enable
 .text.RIT128x96x4Init
                0x00002ca0      0x128 ..\obj\rit128x96x4.o
                0x00002ca0                RIT128x96x4Init
 .text.KEYPAD_init
                0x00002dc8       0xb4 ..\obj\keypad.o
                0x00002dc8                KEYPAD_init
 .text.Default_Reset_Handler
                0x00002e7c       0x6c ..\obj\startup_lm3s.o
                0x00002e7c                Default_Reset_Handler
                0x00002e7c                Reset_Handler
 .text.Default_Handler
                0x00002ee8        0x8 ..\obj\startup_lm3s.o
                0x00002ee8                DebugMon_Handler
                0x00002ee8                FlashCtrl_IRQHandler
                0x00002ee8                Timer0B_IRQHandler
                0x00002ee8                I2C0_IRQHandler
                0x00002ee8                HardFault_Handler
                0x00002ee8                PendSV_Handler
                0x00002ee8                NMI_Handler
                0x00002ee8                I2C1_IRQHandler
                0x00002ee8                PWMGen0_IRQHandler
                0x00002ee8                UART1_IRQHandler
                0x00002ee8                CAN1_IRQHandler
                0x00002ee8                Timer1B_IRQHandler
                0x00002ee8                Watchdog_IRQHandler
                0x00002ee8                UART0_IRQHandler
                0x00002ee8                SSI0_IRQHandler
                0x00002ee8                UsageFault_Handler
                0x00002ee8                ADCSeq1_IRQHandler
                0x00002ee8                PWMFault_IRQHandler
                0x00002ee8                PWMGen1_IRQHandler
                0x00002ee8                SSI1_IRQHandler
                0x00002ee8                uDMA_IRQHandler
                0x00002ee8                GPIOPortC_IRQHandler
                0x00002ee8                ADCSeq2_IRQHandler
                0x00002ee8                PWMGen2_IRQHandler
                0x00002ee8                UART2_IRQHandler
                0x00002ee8                uDMAErr_IRQHandler
                0x00002ee8                QEI1_IRQHandler
                0x00002ee8                QEI0_IRQHandler
                0x00002ee8                PWMGen3_IRQHandler
                0x00002ee8                GPIOPortD_IRQHandler
                0x00002ee8                USB0_IRQHandler
                0x00002ee8                MemManage_Handler
                0x00002ee8                Ethernet_IRQHandler
                0x00002ee8                SVC_Handler
                0x00002ee8                Timer3B_IRQHandler
                0x00002ee8                Timer3A_IRQHandler
                0x00002ee8                GPIOPortA_IRQHandler
                0x00002ee8                Timer0A_IRQHandler
                0x00002ee8                ADCSeq0_IRQHandler
                0x00002ee8                Timer1A_IRQHandler
                0x00002ee8                GPIOPortG_IRQHandler
                0x00002ee8                ADCSeq3_IRQHandler
                0x00002ee8                GPIOPortE_IRQHandler
                0x00002ee8                CAN0_IRQHandler
                0x00002ee8                Comp0_IRQHandler
                0x00002ee8                Comp1_IRQHandler
                0x00002ee8                Comp2_IRQHandler
                0x00002ee8                GPIOPortF_IRQHandler
                0x00002ee8                GPIOPortB_IRQHandler
                0x00002ee8                CAN2_IRQHandler
                0x00002ee8                GPIOPortH_IRQHandler
                0x00002ee8                BusFault_Handler
                0x00002ee8                Timer2A_IRQHandler
                0x00002ee8                Timer2B_IRQHandler
                0x00002ee8                SysCtrl_IRQHandler
                0x00002ee8                Hibernate_IRQHandler
 .text._sbrk    0x00002ef0       0x5c ..\obj\syscalls.o
                0x00002ef0                _sbrk
 .text.UART_init
                0x00002f4c       0xf4 ..\obj\plat_uart.o
                0x00002f4c                UART_init
 .text.UARTSend
                0x00003040       0x8c ..\obj\plat_uart.o
                0x00003040                UARTSend
 .text.SSIConfigSetExpClk
                0x000030cc       0xb4 ..\obj\ssi.o
                0x000030cc                SSIConfigSetExpClk
 .text.SSIEnable
                0x00003180       0x28 ..\obj\ssi.o
                0x00003180                SSIEnable
 .text.SSIDisable
                0x000031a8       0x28 ..\obj\ssi.o
                0x000031a8                SSIDisable
 .text.SSIDataPut
                0x000031d0       0x30 ..\obj\ssi.o
                0x000031d0                SSIDataPut
 .text.SSIBusy  0x00003200       0x2c ..\obj\ssi.o
                0x00003200                SSIBusy
 .text.CPUcpsie
                0x0000322c        0xc ..\obj\cpu.o
                0x0000322c                CPUcpsie
 .text.initConsole
                0x00003238       0x7c ..\obj\console.o
                0x00003238                initConsole
 .text.consolePrintStr
                0x000032b4       0x58 ..\obj\console.o
                0x000032b4                consolePrintStr
 .text.refreshConsole
                0x0000330c       0x50 ..\obj\console.o
                0x0000330c                refreshConsole
 .text.refreshConsoleLine
                0x0000335c       0x3c ..\obj\console.o
                0x0000335c                refreshConsoleLine
 .text.eraseConsoleLine
                0x00003398       0x48 ..\obj\console.o
                0x00003398                eraseConsoleLine
 .text.GENERIC_DISPLAY_init
                0x000033e0       0x14 ..\obj\RIT_display.o
                0x000033e0                GENERIC_DISPLAY_init
 .text.GENERIC_DISPLAY_stringDraw
                0x000033f4       0x24 ..\obj\RIT_display.o
                0x000033f4                GENERIC_DISPLAY_stringDraw
 .text          0x00003418       0x94 c:/apps/coide/gcc/sourcery g++ lite/bin/../lib/gcc/arm-none-eabi/4.5.1/../../../../arm-none-eabi/lib/thumb2\libc.a(lib_a-sprintf.o)
                0x00003418                _sprintf_r
                0x0000345c                sprintf
 .text          0x000034ac       0x60 c:/apps/coide/gcc/sourcery g++ lite/bin/../lib/gcc/arm-none-eabi/4.5.1/../../../../arm-none-eabi/lib/thumb2\libc.a(lib_a-strlen.o)
                0x000034ac                strlen
 .text          0x0000350c       0x7c c:/apps/coide/gcc/sourcery g++ lite/bin/../lib/gcc/arm-none-eabi/4.5.1/../../../../arm-none-eabi/lib/thumb2\libc.a(lib_a-strncpy.o)
                0x0000350c                strncpy
 .text          0x00003588     0x1658 c:/apps/coide/gcc/sourcery g++ lite/bin/../lib/gcc/arm-none-eabi/4.5.1/../../../../arm-none-eabi/lib/thumb2\libc.a(lib_a-svfprintf.o)
                0x00003588                _svfprintf_r
 .text          0x00004be0     0x1000 c:/apps/coide/gcc/sourcery g++ lite/bin/../lib/gcc/arm-none-eabi/4.5.1/../../../../arm-none-eabi/lib/thumb2\libc.a(lib_a-dtoa.o)
                0x00004d0c                _dtoa_r
 .text          0x00005be0       0xa0 c:/apps/coide/gcc/sourcery g++ lite/bin/../lib/gcc/arm-none-eabi/4.5.1/../../../../arm-none-eabi/lib/thumb2\libc.a(lib_a-locale.o)
                0x00005be0                _setlocale_r
                0x00005c3c                __locale_charset
                0x00005c48                __locale_mb_cur_max
                0x00005c54                __locale_msgcharset
                0x00005c5c                __locale_cjk_lang
                0x00005c60                _localeconv_r
                0x00005c68                setlocale
                0x00005c78                localeconv
 .text          0x00005c80       0x20 c:/apps/coide/gcc/sourcery g++ lite/bin/../lib/gcc/arm-none-eabi/4.5.1/../../../../arm-none-eabi/lib/thumb2\libc.a(lib_a-malloc.o)
                0x00005c80                malloc
                0x00005c90                free
 .text          0x00005ca0      0x57c c:/apps/coide/gcc/sourcery g++ lite/bin/../lib/gcc/arm-none-eabi/4.5.1/../../../../arm-none-eabi/lib/thumb2\libc.a(lib_a-mallocr.o)
                0x00005ca0                _malloc_r
 .text          0x0000621c       0x88 c:/apps/coide/gcc/sourcery g++ lite/bin/../lib/gcc/arm-none-eabi/4.5.1/../../../../arm-none-eabi/lib/thumb2\libc.a(lib_a-memchr.o)
                0x0000621c                memchr
 .text          0x000062a4      0x150 c:/apps/coide/gcc/sourcery g++ lite/bin/../lib/gcc/arm-none-eabi/4.5.1/../../../../arm-none-eabi/lib/thumb2\libc.a(lib_a-memcpy.o)
                0x000062a4                memcpy
 .text          0x000063f4        0x8 c:/apps/coide/gcc/sourcery g++ lite/bin/../lib/gcc/arm-none-eabi/4.5.1/../../../../arm-none-eabi/lib/thumb2\libc.a(lib_a-mlock.o)
                0x000063f4                __malloc_lock
                0x000063f8                __malloc_unlock
 .text          0x000063fc      0x920 c:/apps/coide/gcc/sourcery g++ lite/bin/../lib/gcc/arm-none-eabi/4.5.1/../../../../arm-none-eabi/lib/thumb2\libc.a(lib_a-mprec.o)
                0x000063fc                _Balloc
                0x00006464                _Bfree
                0x0000649c                __multadd
                0x00006520                __s2b
                0x000065b4                __hi0bits
                0x000065f4                __lo0bits
                0x00006658                __i2b
                0x0000666c                __multiply
                0x00006794                __pow5mult
                0x00006838                __lshift
                0x000068e4                __mcmp
                0x00006920                __mdiff
                0x00006a18                __ulp
                0x00006a60                __b2d
                0x00006b0c                __d2b
                0x00006bd4                __ratio
                0x00006c44                _mprec_log10
                0x00006c78                __copybits
                0x00006cc0                __any_on
 .text          0x00006d1c       0x90 c:/apps/coide/gcc/sourcery g++ lite/bin/../lib/gcc/arm-none-eabi/4.5.1/../../../../arm-none-eabi/lib/thumb2\libc.a(lib_a-s_fpclassify.o)
                0x00006d1c                __fpclassifyd
 .text          0x00006dac       0x28 c:/apps/coide/gcc/sourcery g++ lite/bin/../lib/gcc/arm-none-eabi/4.5.1/../../../../arm-none-eabi/lib/thumb2\libc.a(lib_a-sbrkr.o)
                0x00006dac                _sbrk_r
 .text          0x00006dd4      0x1dc c:/apps/coide/gcc/sourcery g++ lite/bin/../lib/gcc/arm-none-eabi/4.5.1/../../../../arm-none-eabi/lib/thumb2\libc.a(lib_a-strcmp.o)
                0x00006dd4                strcmp
 .text          0x00006fb0      0xbe4 c:/apps/coide/gcc/sourcery g++ lite/bin/../lib/gcc/arm-none-eabi/4.5.1/../../../../arm-none-eabi/lib/thumb2\libc.a(lib_a-svfiprintf.o)
                0x00006fb0                __ssprint_r
                0x000070b8                _svfiprintf_r
 .text          0x00007b94       0x5c c:/apps/coide/gcc/sourcery g++ lite/bin/../lib/gcc/arm-none-eabi/4.5.1/../../../../arm-none-eabi/lib/thumb2\libc.a(lib_a-callocr.o)
                0x00007b94                _calloc_r
 .text          0x00007bf0      0x240 c:/apps/coide/gcc/sourcery g++ lite/bin/../lib/gcc/arm-none-eabi/4.5.1/../../../../arm-none-eabi/lib/thumb2\libc.a(lib_a-freer.o)
                0x00007bf0                _malloc_trim_r
                0x00007c98                _free_r
 .text          0x00007e30       0xa0 c:/apps/coide/gcc/sourcery g++ lite/bin/../lib/gcc/arm-none-eabi/4.5.1/../../../../arm-none-eabi/lib/thumb2\libc.a(lib_a-memmove.o)
                0x00007e30                memmove
 .text          0x00007ed0       0xb4 c:/apps/coide/gcc/sourcery g++ lite/bin/../lib/gcc/arm-none-eabi/4.5.1/../../../../arm-none-eabi/lib/thumb2\libc.a(lib_a-memset.o)
                0x00007ed0                memset
 .text          0x00007f84      0x41c c:/apps/coide/gcc/sourcery g++ lite/bin/../lib/gcc/arm-none-eabi/4.5.1/../../../../arm-none-eabi/lib/thumb2\libc.a(lib_a-reallocr.o)
                0x00007f84                _realloc_r
 .text          0x000083a0      0x278 c:/apps/coide/gcc/sourcery g++ lite/bin/../lib/gcc/arm-none-eabi/4.5.1/thumb2\libgcc.a(_udivsi3.o)
                0x000083a0                __aeabi_uidiv
                0x000083a0                __udivsi3
                0x000085fc                __aeabi_uidivmod
 .text          0x00008618        0x4 c:/apps/coide/gcc/sourcery g++ lite/bin/../lib/gcc/arm-none-eabi/4.5.1/thumb2\libgcc.a(_dvmd_tls.o)
                0x00008618                __aeabi_idiv0
                0x00008618                __aeabi_ldiv0
 .text          0x0000861c      0x370 c:/apps/coide/gcc/sourcery g++ lite/bin/../lib/gcc/arm-none-eabi/4.5.1/thumb2\libgcc.a(_arm_addsubdf3.o)
                0x0000861c                __aeabi_drsub
                0x00008624                __aeabi_dsub
                0x00008624                __subdf3
                0x00008628                __aeabi_dadd
                0x00008628                __adddf3
                0x000088a0                __floatunsidf
                0x000088a0                __aeabi_ui2d
                0x000088c0                __floatsidf
                0x000088c0                __aeabi_i2d
                0x000088e4                __aeabi_f2d
                0x000088e4                __extendsfdf2
                0x00008920                __floatundidf
                0x00008920                __aeabi_ul2d
                0x00008930                __floatdidf
                0x00008930                __aeabi_l2d
 .text          0x0000898c      0x424 c:/apps/coide/gcc/sourcery g++ lite/bin/../lib/gcc/arm-none-eabi/4.5.1/thumb2\libgcc.a(_arm_muldivdf3.o)
                0x0000898c                __aeabi_dmul
                0x0000898c                __muldf3
                0x00008be0                __divdf3
                0x00008be0                __aeabi_ddiv
 .text          0x00008db0      0x110 c:/apps/coide/gcc/sourcery g++ lite/bin/../lib/gcc/arm-none-eabi/4.5.1/thumb2\libgcc.a(_arm_cmpdf2.o)
                0x00008db0                __gtdf2
                0x00008db0                __gedf2
                0x00008db8                __ltdf2
                0x00008db8                __ledf2
                0x00008dc0                __nedf2
                0x00008dc0                __eqdf2
                0x00008dc0                __cmpdf2
                0x00008e3c                __aeabi_cdrcmple
                0x00008e4c                __aeabi_cdcmpeq
                0x00008e4c                __aeabi_cdcmple
                0x00008e5c                __aeabi_dcmpeq
                0x00008e70                __aeabi_dcmplt
                0x00008e84                __aeabi_dcmple
                0x00008e98                __aeabi_dcmpge
                0x00008eac                __aeabi_dcmpgt
 .text          0x00008ec0       0x50 c:/apps/coide/gcc/sourcery g++ lite/bin/../lib/gcc/arm-none-eabi/4.5.1/thumb2\libgcc.a(_arm_fixdfsi.o)
                0x00008ec0                __aeabi_d2iz
                0x00008ec0                __fixdfsi
 .text          0x00008f10       0x2c c:/apps/coide/gcc/sourcery g++ lite/bin/../lib/gcc/arm-none-eabi/4.5.1/thumb2\libgcc.a(_aeabi_uldivmod.o)
                0x00008f10                __aeabi_uldivmod
 .text          0x00008f3c       0x60 c:/apps/coide/gcc/sourcery g++ lite/bin/../lib/gcc/arm-none-eabi/4.5.1/thumb2\libgcc.a(bpabi.o)
                0x00008f3c                __gnu_ldivmod_helper
                0x00008f6c                __gnu_uldivmod_helper
 .text          0x00008f9c      0x364 c:/apps/coide/gcc/sourcery g++ lite/bin/../lib/gcc/arm-none-eabi/4.5.1/thumb2\libgcc.a(_divdi3.o)
                0x00008f9c                __divdi3
 .text          0x00009300      0x314 c:/apps/coide/gcc/sourcery g++ lite/bin/../lib/gcc/arm-none-eabi/4.5.1/thumb2\libgcc.a(_udivdi3.o)
                0x00009300                __udivdi3
 *(.glue_7t)
 .glue_7t       0x00000000        0x0 linker stubs
 *(.glue_7)
 .glue_7        0x00000000        0x0 linker stubs
 *(.rodata .rodata* .gnu.linkonce.r.*)
 .rodata        0x00009614      0x184 ..\obj\main.o
                0x00009614                g_pucNada
                0x00009650                g_pucCirc
 .rodata        0x00009798       0x9c ..\obj\sysctl.o
 .rodata        0x00009834      0x244 ..\obj\rit128x96x4.o
 .rodata        0x00009a78       0x10 ..\obj\plat_uart.o
 .rodata        0x00009a88       0x20 c:/apps/coide/gcc/sourcery g++ lite/bin/../lib/gcc/arm-none-eabi/4.5.1/../../../../arm-none-eabi/lib/thumb2\libc.a(lib_a-svfprintf.o)
 .rodata.str1.4
                0x00009aa8       0x42 c:/apps/coide/gcc/sourcery g++ lite/bin/../lib/gcc/arm-none-eabi/4.5.1/../../../../arm-none-eabi/lib/thumb2\libc.a(lib_a-svfprintf.o)
                                 0x44 (size before relaxing)
 *fill*         0x00009aea        0x2 00
 .rodata.str1.4
                0x00009aec       0x10 c:/apps/coide/gcc/sourcery g++ lite/bin/../lib/gcc/arm-none-eabi/4.5.1/../../../../arm-none-eabi/lib/thumb2\libc.a(lib_a-dtoa.o)
                                 0x14 (size before relaxing)
 .rodata.str1.4
                0x00009afc        0x2 c:/apps/coide/gcc/sourcery g++ lite/bin/../lib/gcc/arm-none-eabi/4.5.1/../../../../arm-none-eabi/lib/thumb2\libc.a(lib_a-impure.o)
                                  0x4 (size before relaxing)
 *fill*         0x00009afe        0x2 00
 .rodata.str1.4
                0x00009b00        0xc c:/apps/coide/gcc/sourcery g++ lite/bin/../lib/gcc/arm-none-eabi/4.5.1/../../../../arm-none-eabi/lib/thumb2\libc.a(lib_a-locale.o)
                                 0x14 (size before relaxing)
 *fill*         0x00009b0c        0x4 00
 .rodata        0x00009b10      0x128 c:/apps/coide/gcc/sourcery g++ lite/bin/../lib/gcc/arm-none-eabi/4.5.1/../../../../arm-none-eabi/lib/thumb2\libc.a(lib_a-mprec.o)
                0x00009b20                __mprec_tens
                0x00009be8                __mprec_bigtens
                0x00009c10                __mprec_tinytens
 .rodata        0x00009c38       0x20 c:/apps/coide/gcc/sourcery g++ lite/bin/../lib/gcc/arm-none-eabi/4.5.1/../../../../arm-none-eabi/lib/thumb2\libc.a(lib_a-svfiprintf.o)
 .rodata.str1.4
                0x00000000       0x30 c:/apps/coide/gcc/sourcery g++ lite/bin/../lib/gcc/arm-none-eabi/4.5.1/../../../../arm-none-eabi/lib/thumb2\libc.a(lib_a-svfiprintf.o)

.vfp11_veneer   0x00009c58        0x0
 .vfp11_veneer  0x00000000        0x0 linker stubs

.v4_bx          0x00009c58        0x0
 .v4_bx         0x00000000        0x0 linker stubs

.ARM.extab
 *(.ARM.extab* .gnu.linkonce.armextab.*)

.ARM.exidx      0x00009c58        0x8
 *(.ARM.exidx* .gnu.linkonce.armexidx.*)
 .ARM.exidx     0x00009c58        0x8 c:/apps/coide/gcc/sourcery g++ lite/bin/../lib/gcc/arm-none-eabi/4.5.1/thumb2\libgcc.a(_divdi3.o)
 .ARM.exidx     0x00009c60        0x0 c:/apps/coide/gcc/sourcery g++ lite/bin/../lib/gcc/arm-none-eabi/4.5.1/thumb2\libgcc.a(_udivdi3.o)
                                  0x8 (size before relaxing)
                0x00009c60                . = ALIGN (0x4)
                0x00009c60                _etext = .
                0x00009c60                _sidata = .

.data           0x20000000      0x594 load address 0x00009c60
                0x20000000                _sdata = .
 *(.data .data.*)
 .data          0x20000000       0x10 ..\obj\system_lm3s.o
                0x20000000                SystemFrequency
                0x20000004                SystemFrequency_PwmClk
                0x20000008                SystemFrequency_AdcClk
                0x2000000c                SystemFrequency_CanClk
 .data          0x20000010        0x1 ..\obj\main.o
                0x20000010                g_ucState
 .data          0x20000011        0x2 ..\obj\keypad.o
                0x20000011                g_ucKeypadSwitches
                0x20000012                g_ucSelectSwitch
 *fill*         0x20000013        0x1 00
 .data          0x20000014       0xf4 c:/apps/coide/gcc/sourcery g++ lite/bin/../lib/gcc/arm-none-eabi/4.5.1/../../../../arm-none-eabi/lib/thumb2\libc.a(lib_a-impure.o)
                0x20000014                _impure_ptr
 .data          0x20000108       0x7c c:/apps/coide/gcc/sourcery g++ lite/bin/../lib/gcc/arm-none-eabi/4.5.1/../../../../arm-none-eabi/lib/thumb2\libc.a(lib_a-locale.o)
                0x20000128                __mb_cur_max
 .data          0x20000184      0x410 c:/apps/coide/gcc/sourcery g++ lite/bin/../lib/gcc/arm-none-eabi/4.5.1/../../../../arm-none-eabi/lib/thumb2\libc.a(lib_a-mallocr.o)
                0x20000184                __malloc_av_
                0x2000058c                __malloc_sbrk_base
                0x20000590                __malloc_trim_threshold
                0x20000594                . = ALIGN (0x4)
                0x20000594                _edata = .

.bss            0x20000594      0x198 load address 0x0000a1f4
                0x20000594                _sbss = .
 *(.bss .bss.*)
 .bss           0x20000594       0x24 ..\obj\main.o
                0x20000594                g_ucCounter
                0x20000595                g_pressed_data
                0x20000596                g_primero_Int0
                0x20000597                g_pulsado
                0x20000598                g_inputs
                0x200005a8                g_inputs_imagen
 .bss           0x200005b8        0xc ..\obj\rit128x96x4.o
 .bss           0x200005c4        0x4 ..\obj\syscalls.o
 .bss           0x200005c8       0x34 c:/apps/coide/gcc/sourcery g++ lite/bin/../lib/gcc/arm-none-eabi/4.5.1/../../../../arm-none-eabi/lib/thumb2\libc.a(lib_a-mallocr.o)
                0x200005c8                __malloc_top_pad
                0x200005cc                __malloc_current_mallinfo
                0x200005f4                __malloc_max_sbrked_mem
                0x200005f8                __malloc_max_total_mem
 *(COMMON)
 COMMON         0x200005fc       0x21 ..\obj\main.o
                0x200005fc                g_llamada_bool
                0x200005fd                g_llamada
                0x200005fe                g_activado
                0x20000600                miAscensor
                0x20000618                g_escrito
                0x20000619                g_primero
                0x2000061a                g_escrito_and_enviado
                0x2000061b                g_sensor_puerta_activado
                0x2000061c                g_enviado
 *fill*         0x2000061d        0x3 00
 COMMON         0x20000620      0x108 ..\obj\console.o
                0x20000620                consoleImage
 COMMON         0x20000728        0x4 c:/apps/coide/gcc/sourcery g++ lite/bin/../lib/gcc/arm-none-eabi/4.5.1/../../../../arm-none-eabi/lib/thumb2\libc.a(lib_a-reent.o)
                0x20000728                errno
                0x2000072c                . = ALIGN (0x4)
                0x2000072c                _ebss = .

.co_stack       0x2000072c      0x404 load address 0x0000a38c
                0x20000730                . = ALIGN (0x8)
 *fill*         0x2000072c        0x4 00
 *(.co_stack .co_stack.*)
 .co_stack      0x20000730      0x400 ..\obj\startup_lm3s.o
                0x20000730                pulStack
                0x20000b30                . = ALIGN (0x4)
                0x20000b30                _end = .
LOAD ..\obj\plat_timer.o
LOAD ..\obj\system_lm3s.o
LOAD ..\obj\processor.o
LOAD ..\obj\core_cm3.o
LOAD ..\obj\timer.o
LOAD ..\obj\uart.o
LOAD ..\obj\main.o
LOAD ..\obj\sysctl.o
LOAD ..\obj\LEDs.o
LOAD ..\obj\gpio.o
LOAD ..\obj\interrupt.o
LOAD ..\obj\rit128x96x4.o
LOAD ..\obj\keypad.o
LOAD ..\obj\startup_lm3s.o
LOAD ..\obj\syscalls.o
LOAD ..\obj\plat_uart.o
LOAD ..\obj\ssi.o
LOAD ..\obj\cpu.o
LOAD ..\obj\console.o
LOAD ..\obj\systick.o
LOAD ..\obj\RIT_display.o
START GROUP
LOAD c:/apps/coide/gcc/sourcery g++ lite/bin/../lib/gcc/arm-none-eabi/4.5.1/thumb2\libgcc.a
LOAD c:/apps/coide/gcc/sourcery g++ lite/bin/../lib/gcc/arm-none-eabi/4.5.1/../../../../arm-none-eabi/lib/thumb2\libc.a
END GROUP
OUTPUT(Ascensor_v6_5.elf elf32-littlearm)

.debug_abbrev   0x00000000      0xfc5
 .debug_abbrev  0x00000000       0x67 ..\obj\plat_timer.o
 .debug_abbrev  0x00000067      0x112 ..\obj\system_lm3s.o
 .debug_abbrev  0x00000179       0x36 ..\obj\processor.o
 .debug_abbrev  0x000001af       0xd7 ..\obj\core_cm3.o
 .debug_abbrev  0x00000286       0xb8 ..\obj\timer.o
 .debug_abbrev  0x0000033e       0xef ..\obj\uart.o
 .debug_abbrev  0x0000042d      0x1ff ..\obj\main.o
 .debug_abbrev  0x0000062c      0x115 ..\obj\sysctl.o
 .debug_abbrev  0x00000741       0x34 ..\obj\LEDs.o
 .debug_abbrev  0x00000775       0xf1 ..\obj\gpio.o
 .debug_abbrev  0x00000866      0x104 ..\obj\interrupt.o
 .debug_abbrev  0x0000096a       0xb2 ..\obj\rit128x96x4.o
 .debug_abbrev  0x00000a1c       0x7a ..\obj\keypad.o
 .debug_abbrev  0x00000a96       0xa5 ..\obj\startup_lm3s.o
 .debug_abbrev  0x00000b3b       0xe0 ..\obj\syscalls.o
 .debug_abbrev  0x00000c1b       0xd8 ..\obj\plat_uart.o
 .debug_abbrev  0x00000cf3       0xd8 ..\obj\ssi.o
 .debug_abbrev  0x00000dcb       0x5e ..\obj\cpu.o
 .debug_abbrev  0x00000e29       0xa0 ..\obj\console.o
 .debug_abbrev  0x00000ec9       0x83 ..\obj\systick.o
 .debug_abbrev  0x00000f4c       0x79 ..\obj\RIT_display.o

.debug_info     0x00000000     0x4966
 .debug_info    0x00000000       0xb2 ..\obj\plat_timer.o
 .debug_info    0x000000b2      0x45a ..\obj\system_lm3s.o
 .debug_info    0x0000050c       0x46 ..\obj\processor.o
 .debug_info    0x00000552      0x54c ..\obj\core_cm3.o
 .debug_info    0x00000a9e      0x5b4 ..\obj\timer.o
 .debug_info    0x00001052      0x917 ..\obj\uart.o
 .debug_info    0x00001969      0x738 ..\obj\main.o
 .debug_info    0x000020a1      0x7f1 ..\obj\sysctl.o
 .debug_info    0x00002892       0xbd ..\obj\LEDs.o
 .debug_info    0x0000294f      0x8a1 ..\obj\gpio.o
 .debug_info    0x000031f0      0x2b7 ..\obj\interrupt.o
 .debug_info    0x000034a7      0x3db ..\obj\rit128x96x4.o
 .debug_info    0x00003882       0xd8 ..\obj\keypad.o
 .debug_info    0x0000395a      0x135 ..\obj\startup_lm3s.o
 .debug_info    0x00003a8f      0x444 ..\obj\syscalls.o
 .debug_info    0x00003ed3      0x1b9 ..\obj\plat_uart.o
 .debug_info    0x0000408c      0x449 ..\obj\ssi.o
 .debug_info    0x000044d5       0x99 ..\obj\cpu.o
 .debug_info    0x0000456e      0x1b2 ..\obj\console.o
 .debug_info    0x00004720      0x12b ..\obj\systick.o
 .debug_info    0x0000484b      0x11b ..\obj\RIT_display.o

.debug_line     0x00000000     0x3eac
 .debug_line    0x00000000      0x1ae ..\obj\plat_timer.o
 .debug_line    0x000001ae      0x25a ..\obj\system_lm3s.o
 .debug_line    0x00000408      0x152 ..\obj\processor.o
 .debug_line    0x0000055a      0x2d4 ..\obj\core_cm3.o
 .debug_line    0x0000082e      0x40f ..\obj\timer.o
 .debug_line    0x00000c3d      0x4f7 ..\obj\uart.o
 .debug_line    0x00001134      0x899 ..\obj\main.o
 .debug_line    0x000019cd      0x5e9 ..\obj\sysctl.o
 .debug_line    0x00001fb6      0x1c0 ..\obj\LEDs.o
 .debug_line    0x00002176      0x5e0 ..\obj\gpio.o
 .debug_line    0x00002756      0x232 ..\obj\interrupt.o
 .debug_line    0x00002988      0x30d ..\obj\rit128x96x4.o
 .debug_line    0x00002c95      0x17c ..\obj\keypad.o
 .debug_line    0x00002e11       0x97 ..\obj\startup_lm3s.o
 .debug_line    0x00002ea8      0x36f ..\obj\syscalls.o
 .debug_line    0x00003217      0x221 ..\obj\plat_uart.o
 .debug_line    0x00003438      0x304 ..\obj\ssi.o
 .debug_line    0x0000373c       0xd3 ..\obj\cpu.o
 .debug_line    0x0000380f      0x401 ..\obj\console.o
 .debug_line    0x00003c10      0x1b7 ..\obj\systick.o
 .debug_line    0x00003dc7       0xe5 ..\obj\RIT_display.o

.debug_macinfo  0x00000000    0x9c203
 .debug_macinfo
                0x00000000     0x5145 ..\obj\plat_timer.o
 .debug_macinfo
                0x00005145     0x61d1 ..\obj\system_lm3s.o
 .debug_macinfo
                0x0000b316     0x495e ..\obj\processor.o
 .debug_macinfo
                0x0000fc74     0x1f65 ..\obj\core_cm3.o
 .debug_macinfo
                0x00011bd9     0x42cf ..\obj\timer.o
 .debug_macinfo
                0x00015ea8     0xfa79 ..\obj\uart.o
 .debug_macinfo
                0x00025921     0xaed6 ..\obj\main.o
 .debug_macinfo
                0x000307f7    0x1284d ..\obj\sysctl.o
 .debug_macinfo
                0x00043044     0x707d ..\obj\LEDs.o
 .debug_macinfo
                0x0004a0c1    0x119e1 ..\obj\gpio.o
 .debug_macinfo
                0x0005baa2     0x76e6 ..\obj\interrupt.o
 .debug_macinfo
                0x00063188    0x1090a ..\obj\rit128x96x4.o
 .debug_macinfo
                0x00073a92     0x70ca ..\obj\keypad.o
 .debug_macinfo
                0x0007ab5c     0x16a5 ..\obj\startup_lm3s.o
 .debug_macinfo
                0x0007c201     0x492d ..\obj\syscalls.o
 .debug_macinfo
                0x00080b2e     0x77dd ..\obj\plat_uart.o
 .debug_macinfo
                0x0008830b     0x57bf ..\obj\ssi.o
 .debug_macinfo
                0x0008daca     0x1680 ..\obj\cpu.o
 .debug_macinfo
                0x0008f14a     0x4322 ..\obj\console.o
 .debug_macinfo
                0x0009346c     0x76ea ..\obj\systick.o
 .debug_macinfo
                0x0009ab56     0x16ad ..\obj\RIT_display.o

.debug_loc      0x00000000     0x38cc
 .debug_loc     0x00000000       0xc8 ..\obj\plat_timer.o
 .debug_loc     0x000000c8       0x70 ..\obj\system_lm3s.o
 .debug_loc     0x00000138       0x2c ..\obj\processor.o
 .debug_loc     0x00000164      0x3f0 ..\obj\core_cm3.o
 .debug_loc     0x00000554      0x508 ..\obj\timer.o
 .debug_loc     0x00000a5c      0x8c0 ..\obj\uart.o
 .debug_loc     0x0000131c      0x5d4 ..\obj\main.o
 .debug_loc     0x000018f0      0x894 ..\obj\sysctl.o
 .debug_loc     0x00002184      0x134 ..\obj\LEDs.o
 .debug_loc     0x000022b8      0x700 ..\obj\gpio.o
 .debug_loc     0x000029b8      0x244 ..\obj\interrupt.o
 .debug_loc     0x00002bfc      0x224 ..\obj\rit128x96x4.o
 .debug_loc     0x00002e20       0x9c ..\obj\keypad.o
 .debug_loc     0x00002ebc       0x64 ..\obj\startup_lm3s.o
 .debug_loc     0x00002f20      0x1ec ..\obj\syscalls.o
 .debug_loc     0x0000310c       0xe8 ..\obj\plat_uart.o
 .debug_loc     0x000031f4      0x380 ..\obj\ssi.o
 .debug_loc     0x00003574      0x118 ..\obj\console.o
 .debug_loc     0x0000368c      0x1a4 ..\obj\systick.o
 .debug_loc     0x00003830       0x9c ..\obj\RIT_display.o

.debug_pubnames
                0x00000000     0x198b
 .debug_pubnames
                0x00000000       0x58 ..\obj\plat_timer.o
 .debug_pubnames
                0x00000058       0x86 ..\obj\system_lm3s.o
 .debug_pubnames
                0x000000de       0x25 ..\obj\processor.o
 .debug_pubnames
                0x00000103      0x159 ..\obj\core_cm3.o
 .debug_pubnames
                0x0000025c      0x1d2 ..\obj\timer.o
 .debug_pubnames
                0x0000042e      0x346 ..\obj\uart.o
 .debug_pubnames
                0x00000774      0x3e9 ..\obj\main.o
 .debug_pubnames
                0x00000b5d      0x41f ..\obj\sysctl.o
 .debug_pubnames
                0x00000f7c       0xc1 ..\obj\LEDs.o
 .debug_pubnames
                0x0000103d      0x2a9 ..\obj\gpio.o
 .debug_pubnames
                0x000012e6       0xd6 ..\obj\interrupt.o
 .debug_pubnames
                0x000013bc       0xce ..\obj\rit128x96x4.o
 .debug_pubnames
                0x0000148a       0x80 ..\obj\keypad.o
 .debug_pubnames
                0x0000150a       0x4a ..\obj\startup_lm3s.o
 .debug_pubnames
                0x00001554       0x71 ..\obj\syscalls.o
 .debug_pubnames
                0x000015c5       0x9e ..\obj\plat_uart.o
 .debug_pubnames
                0x00001663      0x133 ..\obj\ssi.o
 .debug_pubnames
                0x00001796       0x37 ..\obj\cpu.o
 .debug_pubnames
                0x000017cd       0x86 ..\obj\console.o
 .debug_pubnames
                0x00001853       0xd0 ..\obj\systick.o
 .debug_pubnames
                0x00001923       0x68 ..\obj\RIT_display.o

.debug_pubtypes
                0x00000000      0x2b9
 .debug_pubtypes
                0x00000000       0x12 ..\obj\plat_timer.o
 .debug_pubtypes
                0x00000012       0x3b ..\obj\system_lm3s.o
 .debug_pubtypes
                0x0000004d       0x12 ..\obj\processor.o
 .debug_pubtypes
                0x0000005f       0x50 ..\obj\core_cm3.o
 .debug_pubtypes
                0x000000af       0x1f ..\obj\timer.o
 .debug_pubtypes
                0x000000ce       0x1f ..\obj\uart.o
 .debug_pubtypes
                0x000000ed       0x2d ..\obj\main.o
 .debug_pubtypes
                0x0000011a       0x1f ..\obj\sysctl.o
 .debug_pubtypes
                0x00000139       0x12 ..\obj\LEDs.o
 .debug_pubtypes
                0x0000014b       0x1f ..\obj\gpio.o
 .debug_pubtypes
                0x0000016a       0x1f ..\obj\interrupt.o
 .debug_pubtypes
                0x00000189       0x12 ..\obj\rit128x96x4.o
 .debug_pubtypes
                0x0000019b       0x12 ..\obj\keypad.o
 .debug_pubtypes
                0x000001ad       0xaa ..\obj\syscalls.o
 .debug_pubtypes
                0x00000257       0x1f ..\obj\plat_uart.o
 .debug_pubtypes
                0x00000276       0x1f ..\obj\ssi.o
 .debug_pubtypes
                0x00000295       0x12 ..\obj\console.o
 .debug_pubtypes
                0x000002a7       0x12 ..\obj\systick.o

.debug_aranges  0x00000000      0xac8
 .debug_aranges
                0x00000000       0x38 ..\obj\plat_timer.o
 .debug_aranges
                0x00000038       0x28 ..\obj\system_lm3s.o
 .debug_aranges
                0x00000060       0x20 ..\obj\processor.o
 .debug_aranges
                0x00000080       0xc8 ..\obj\core_cm3.o
 .debug_aranges
                0x00000148       0xd0 ..\obj\timer.o
 .debug_aranges
                0x00000218      0x158 ..\obj\uart.o
 .debug_aranges
                0x00000370      0x118 ..\obj\main.o
 .debug_aranges
                0x00000488      0x170 ..\obj\sysctl.o
 .debug_aranges
                0x000005f8       0x50 ..\obj\LEDs.o
 .debug_aranges
                0x00000648      0x118 ..\obj\gpio.o
 .debug_aranges
                0x00000760       0x70 ..\obj\interrupt.o
 .debug_aranges
                0x000007d0       0x68 ..\obj\rit128x96x4.o
 .debug_aranges
                0x00000838       0x30 ..\obj\keypad.o
 .debug_aranges
                0x00000868       0x28 ..\obj\startup_lm3s.o
 .debug_aranges
                0x00000890       0x60 ..\obj\syscalls.o
 .debug_aranges
                0x000008f0       0x40 ..\obj\plat_uart.o
 .debug_aranges
                0x00000930       0x98 ..\obj\ssi.o
 .debug_aranges
                0x000009c8       0x30 ..\obj\cpu.o
 .debug_aranges
                0x000009f8       0x40 ..\obj\console.o
 .debug_aranges
                0x00000a38       0x60 ..\obj\systick.o
 .debug_aranges
                0x00000a98       0x30 ..\obj\RIT_display.o

.debug_ranges   0x00000000      0x978
 .debug_ranges  0x00000000       0x28 ..\obj\plat_timer.o
 .debug_ranges  0x00000028       0x18 ..\obj\system_lm3s.o
 .debug_ranges  0x00000040       0x10 ..\obj\processor.o
 .debug_ranges  0x00000050       0xb8 ..\obj\core_cm3.o
 .debug_ranges  0x00000108       0xc0 ..\obj\timer.o
 .debug_ranges  0x000001c8      0x148 ..\obj\uart.o
 .debug_ranges  0x00000310      0x108 ..\obj\main.o
 .debug_ranges  0x00000418      0x160 ..\obj\sysctl.o
 .debug_ranges  0x00000578       0x40 ..\obj\LEDs.o
 .debug_ranges  0x000005b8      0x108 ..\obj\gpio.o
 .debug_ranges  0x000006c0       0x60 ..\obj\interrupt.o
 .debug_ranges  0x00000720       0x58 ..\obj\rit128x96x4.o
 .debug_ranges  0x00000778       0x20 ..\obj\keypad.o
 .debug_ranges  0x00000798       0x18 ..\obj\startup_lm3s.o
 .debug_ranges  0x000007b0       0x50 ..\obj\syscalls.o
 .debug_ranges  0x00000800       0x30 ..\obj\plat_uart.o
 .debug_ranges  0x00000830       0x88 ..\obj\ssi.o
 .debug_ranges  0x000008b8       0x20 ..\obj\cpu.o
 .debug_ranges  0x000008d8       0x30 ..\obj\console.o
 .debug_ranges  0x00000908       0x50 ..\obj\systick.o
 .debug_ranges  0x00000958       0x20 ..\obj\RIT_display.o

.debug_str      0x00000000     0x1fec
 .debug_str     0x00000000       0x9b ..\obj\plat_timer.o
 .debug_str     0x0000009b      0x21e ..\obj\system_lm3s.o
                                0x271 (size before relaxing)
 .debug_str     0x000002b9       0x52 ..\obj\processor.o
                                 0x6c (size before relaxing)
 .debug_str     0x0000030b      0x176 ..\obj\core_cm3.o
                                0x227 (size before relaxing)
 .debug_str     0x00000481      0x1fe ..\obj\timer.o
                                0x233 (size before relaxing)
 .debug_str     0x0000067f      0x364 ..\obj\uart.o
                                0x3eb (size before relaxing)
 .debug_str     0x000009e3      0x3d5 ..\obj\main.o
                                0x495 (size before relaxing)
 .debug_str     0x00000db8      0x484 ..\obj\sysctl.o
                                0x4ea (size before relaxing)
 .debug_str     0x0000123c       0xb0 ..\obj\LEDs.o
                                 0xeb (size before relaxing)
 .debug_str     0x000012ec      0x31f ..\obj\gpio.o
                                0x394 (size before relaxing)
 .debug_str     0x0000160b      0x113 ..\obj\interrupt.o
                                0x1a7 (size before relaxing)
 .debug_str     0x0000171e      0x1ca ..\obj\rit128x96x4.o
                                0x237 (size before relaxing)
 .debug_str     0x000018e8       0x62 ..\obj\keypad.o
                                 0xd3 (size before relaxing)
 .debug_str     0x0000194a       0xa5 ..\obj\startup_lm3s.o
                                 0xd0 (size before relaxing)
 .debug_str     0x000019ef      0x18b ..\obj\syscalls.o
                                0x247 (size before relaxing)
 .debug_str     0x00001b7a       0x87 ..\obj\plat_uart.o
                                 0xfe (size before relaxing)
 .debug_str     0x00001c01      0x17d ..\obj\ssi.o
                                0x1ff (size before relaxing)
 .debug_str     0x00001d7e       0x5a ..\obj\cpu.o
                                 0x78 (size before relaxing)
 .debug_str     0x00001dd8       0x9b ..\obj\console.o
                                0x15d (size before relaxing)
 .debug_str     0x00001e73       0xe2 ..\obj\systick.o
                                0x119 (size before relaxing)
 .debug_str     0x00001f55       0x97 ..\obj\RIT_display.o
                                 0xf0 (size before relaxing)

.comment        0x00000000       0x2a
 .comment       0x00000000       0x2a ..\obj\plat_timer.o
                                 0x2b (size before relaxing)
 .comment       0x00000000       0x2b ..\obj\system_lm3s.o
 .comment       0x00000000       0x2b ..\obj\processor.o
 .comment       0x00000000       0x2b ..\obj\core_cm3.o
 .comment       0x00000000       0x2b ..\obj\timer.o
 .comment       0x00000000       0x2b ..\obj\uart.o
 .comment       0x00000000       0x2b ..\obj\main.o
 .comment       0x00000000       0x2b ..\obj\sysctl.o
 .comment       0x00000000       0x2b ..\obj\LEDs.o
 .comment       0x00000000       0x2b ..\obj\gpio.o
 .comment       0x00000000       0x2b ..\obj\interrupt.o
 .comment       0x00000000       0x2b ..\obj\rit128x96x4.o
 .comment       0x00000000       0x2b ..\obj\keypad.o
 .comment       0x00000000       0x2b ..\obj\startup_lm3s.o
 .comment       0x00000000       0x2b ..\obj\syscalls.o
 .comment       0x00000000       0x2b ..\obj\plat_uart.o
 .comment       0x00000000       0x2b ..\obj\ssi.o
 .comment       0x00000000       0x2b ..\obj\cpu.o
 .comment       0x00000000       0x2b ..\obj\console.o
 .comment       0x00000000       0x2b ..\obj\systick.o
 .comment       0x00000000       0x2b ..\obj\RIT_display.o

.ARM.attributes
                0x00000000       0x31
 .ARM.attributes
                0x00000000       0x31 ..\obj\plat_timer.o
 .ARM.attributes
                0x00000031       0x31 ..\obj\system_lm3s.o
 .ARM.attributes
                0x00000062       0x31 ..\obj\processor.o
 .ARM.attributes
                0x00000093       0x31 ..\obj\core_cm3.o
 .ARM.attributes
                0x000000c4       0x31 ..\obj\timer.o
 .ARM.attributes
                0x000000f5       0x31 ..\obj\uart.o
 .ARM.attributes
                0x00000126       0x31 ..\obj\main.o
 .ARM.attributes
                0x00000157       0x31 ..\obj\sysctl.o
 .ARM.attributes
                0x00000188       0x31 ..\obj\LEDs.o
 .ARM.attributes
                0x000001b9       0x31 ..\obj\gpio.o
 .ARM.attributes
                0x000001ea       0x31 ..\obj\interrupt.o
 .ARM.attributes
                0x0000021b       0x31 ..\obj\rit128x96x4.o
 .ARM.attributes
                0x0000024c       0x31 ..\obj\keypad.o
 .ARM.attributes
                0x0000027d       0x31 ..\obj\startup_lm3s.o
 .ARM.attributes
                0x000002ae       0x31 ..\obj\syscalls.o
 .ARM.attributes
                0x000002df       0x31 ..\obj\plat_uart.o
 .ARM.attributes
                0x00000310       0x31 ..\obj\ssi.o
 .ARM.attributes
                0x00000341       0x31 ..\obj\cpu.o
 .ARM.attributes
                0x00000372       0x31 ..\obj\console.o
 .ARM.attributes
                0x000003a3       0x31 ..\obj\systick.o
 .ARM.attributes
                0x000003d4       0x31 ..\obj\RIT_display.o
 .ARM.attributes
                0x00000405       0x29 c:/apps/coide/gcc/sourcery g++ lite/bin/../lib/gcc/arm-none-eabi/4.5.1/../../../../arm-none-eabi/lib/thumb2\libc.a(lib_a-sprintf.o)
 .ARM.attributes
                0x0000042e       0x29 c:/apps/coide/gcc/sourcery g++ lite/bin/../lib/gcc/arm-none-eabi/4.5.1/../../../../arm-none-eabi/lib/thumb2\libc.a(lib_a-strlen.o)
 .ARM.attributes
                0x00000457       0x29 c:/apps/coide/gcc/sourcery g++ lite/bin/../lib/gcc/arm-none-eabi/4.5.1/../../../../arm-none-eabi/lib/thumb2\libc.a(lib_a-strncpy.o)
 .ARM.attributes
                0x00000480       0x29 c:/apps/coide/gcc/sourcery g++ lite/bin/../lib/gcc/arm-none-eabi/4.5.1/../../../../arm-none-eabi/lib/thumb2\libc.a(lib_a-svfprintf.o)
 .ARM.attributes
                0x000004a9       0x29 c:/apps/coide/gcc/sourcery g++ lite/bin/../lib/gcc/arm-none-eabi/4.5.1/../../../../arm-none-eabi/lib/thumb2\libc.a(lib_a-dtoa.o)
 .ARM.attributes
                0x000004d2       0x29 c:/apps/coide/gcc/sourcery g++ lite/bin/../lib/gcc/arm-none-eabi/4.5.1/../../../../arm-none-eabi/lib/thumb2\libc.a(lib_a-impure.o)
 .ARM.attributes
                0x000004fb       0x29 c:/apps/coide/gcc/sourcery g++ lite/bin/../lib/gcc/arm-none-eabi/4.5.1/../../../../arm-none-eabi/lib/thumb2\libc.a(lib_a-locale.o)
 .ARM.attributes
                0x00000524       0x29 c:/apps/coide/gcc/sourcery g++ lite/bin/../lib/gcc/arm-none-eabi/4.5.1/../../../../arm-none-eabi/lib/thumb2\libc.a(lib_a-malloc.o)
 .ARM.attributes
                0x0000054d       0x29 c:/apps/coide/gcc/sourcery g++ lite/bin/../lib/gcc/arm-none-eabi/4.5.1/../../../../arm-none-eabi/lib/thumb2\libc.a(lib_a-mallocr.o)
 .ARM.attributes
                0x00000576       0x29 c:/apps/coide/gcc/sourcery g++ lite/bin/../lib/gcc/arm-none-eabi/4.5.1/../../../../arm-none-eabi/lib/thumb2\libc.a(lib_a-memchr.o)
 .ARM.attributes
                0x0000059f       0x29 c:/apps/coide/gcc/sourcery g++ lite/bin/../lib/gcc/arm-none-eabi/4.5.1/../../../../arm-none-eabi/lib/thumb2\libc.a(lib_a-memcpy.o)
 .ARM.attributes
                0x000005c8       0x29 c:/apps/coide/gcc/sourcery g++ lite/bin/../lib/gcc/arm-none-eabi/4.5.1/../../../../arm-none-eabi/lib/thumb2\libc.a(lib_a-mlock.o)
 .ARM.attributes
                0x000005f1       0x29 c:/apps/coide/gcc/sourcery g++ lite/bin/../lib/gcc/arm-none-eabi/4.5.1/../../../../arm-none-eabi/lib/thumb2\libc.a(lib_a-mprec.o)
 .ARM.attributes
                0x0000061a       0x29 c:/apps/coide/gcc/sourcery g++ lite/bin/../lib/gcc/arm-none-eabi/4.5.1/../../../../arm-none-eabi/lib/thumb2\libc.a(lib_a-s_fpclassify.o)
 .ARM.attributes
                0x00000643       0x29 c:/apps/coide/gcc/sourcery g++ lite/bin/../lib/gcc/arm-none-eabi/4.5.1/../../../../arm-none-eabi/lib/thumb2\libc.a(lib_a-sbrkr.o)
 .ARM.attributes
                0x0000066c       0x29 c:/apps/coide/gcc/sourcery g++ lite/bin/../lib/gcc/arm-none-eabi/4.5.1/../../../../arm-none-eabi/lib/thumb2\libc.a(lib_a-strcmp.o)
 .ARM.attributes
                0x00000695       0x29 c:/apps/coide/gcc/sourcery g++ lite/bin/../lib/gcc/arm-none-eabi/4.5.1/../../../../arm-none-eabi/lib/thumb2\libc.a(lib_a-svfiprintf.o)
 .ARM.attributes
                0x000006be       0x29 c:/apps/coide/gcc/sourcery g++ lite/bin/../lib/gcc/arm-none-eabi/4.5.1/../../../../arm-none-eabi/lib/thumb2\libc.a(lib_a-callocr.o)
 .ARM.attributes
                0x000006e7       0x29 c:/apps/coide/gcc/sourcery g++ lite/bin/../lib/gcc/arm-none-eabi/4.5.1/../../../../arm-none-eabi/lib/thumb2\libc.a(lib_a-freer.o)
 .ARM.attributes
                0x00000710       0x29 c:/apps/coide/gcc/sourcery g++ lite/bin/../lib/gcc/arm-none-eabi/4.5.1/../../../../arm-none-eabi/lib/thumb2\libc.a(lib_a-memmove.o)
 .ARM.attributes
                0x00000739       0x29 c:/apps/coide/gcc/sourcery g++ lite/bin/../lib/gcc/arm-none-eabi/4.5.1/../../../../arm-none-eabi/lib/thumb2\libc.a(lib_a-memset.o)
 .ARM.attributes
                0x00000762       0x29 c:/apps/coide/gcc/sourcery g++ lite/bin/../lib/gcc/arm-none-eabi/4.5.1/../../../../arm-none-eabi/lib/thumb2\libc.a(lib_a-reallocr.o)
 .ARM.attributes
                0x0000078b       0x29 c:/apps/coide/gcc/sourcery g++ lite/bin/../lib/gcc/arm-none-eabi/4.5.1/../../../../arm-none-eabi/lib/thumb2\libc.a(lib_a-reent.o)
 .ARM.attributes
                0x000007b4       0x1b c:/apps/coide/gcc/sourcery g++ lite/bin/../lib/gcc/arm-none-eabi/4.5.1/thumb2\libgcc.a(_udivsi3.o)
 .ARM.attributes
                0x000007cf       0x1b c:/apps/coide/gcc/sourcery g++ lite/bin/../lib/gcc/arm-none-eabi/4.5.1/thumb2\libgcc.a(_dvmd_tls.o)
 .ARM.attributes
                0x000007ea       0x1b c:/apps/coide/gcc/sourcery g++ lite/bin/../lib/gcc/arm-none-eabi/4.5.1/thumb2\libgcc.a(_arm_addsubdf3.o)
 .ARM.attributes
                0x00000805       0x1b c:/apps/coide/gcc/sourcery g++ lite/bin/../lib/gcc/arm-none-eabi/4.5.1/thumb2\libgcc.a(_arm_muldivdf3.o)
 .ARM.attributes
                0x00000820       0x1b c:/apps/coide/gcc/sourcery g++ lite/bin/../lib/gcc/arm-none-eabi/4.5.1/thumb2\libgcc.a(_arm_cmpdf2.o)
 .ARM.attributes
                0x0000083b       0x1b c:/apps/coide/gcc/sourcery g++ lite/bin/../lib/gcc/arm-none-eabi/4.5.1/thumb2\libgcc.a(_arm_fixdfsi.o)
 .ARM.attributes
                0x00000856       0x1b c:/apps/coide/gcc/sourcery g++ lite/bin/../lib/gcc/arm-none-eabi/4.5.1/thumb2\libgcc.a(_aeabi_uldivmod.o)
 .ARM.attributes
                0x00000871       0x29 c:/apps/coide/gcc/sourcery g++ lite/bin/../lib/gcc/arm-none-eabi/4.5.1/thumb2\libgcc.a(bpabi.o)
 .ARM.attributes
                0x0000089a       0x29 c:/apps/coide/gcc/sourcery g++ lite/bin/../lib/gcc/arm-none-eabi/4.5.1/thumb2\libgcc.a(_divdi3.o)
 .ARM.attributes
                0x000008c3       0x29 c:/apps/coide/gcc/sourcery g++ lite/bin/../lib/gcc/arm-none-eabi/4.5.1/thumb2\libgcc.a(_udivdi3.o)

.debug_frame    0x00000000     0x28ec
 .debug_frame   0x00000000       0x88 ..\obj\plat_timer.o
 .debug_frame   0x00000088       0x4c ..\obj\system_lm3s.o
 .debug_frame   0x000000d4       0x2c ..\obj\processor.o
 .debug_frame   0x00000100      0x280 ..\obj\core_cm3.o
 .debug_frame   0x00000380      0x2a0 ..\obj\timer.o
 .debug_frame   0x00000620      0x47c ..\obj\uart.o
 .debug_frame   0x00000a9c      0x38c ..\obj\main.o
 .debug_frame   0x00000e28      0x498 ..\obj\sysctl.o
 .debug_frame   0x000012c0       0xd4 ..\obj\LEDs.o
 .debug_frame   0x00001394      0x3d8 ..\obj\gpio.o
 .debug_frame   0x0000176c      0x140 ..\obj\interrupt.o
 .debug_frame   0x000018ac      0x14c ..\obj\rit128x96x4.o
 .debug_frame   0x000019f8       0x6c ..\obj\keypad.o
 .debug_frame   0x00001a64       0x48 ..\obj\startup_lm3s.o
 .debug_frame   0x00001aac      0x108 ..\obj\syscalls.o
 .debug_frame   0x00001bb4       0xa0 ..\obj\plat_uart.o
 .debug_frame   0x00001c54      0x1d8 ..\obj\ssi.o
 .debug_frame   0x00001e2c       0x40 ..\obj\cpu.o
 .debug_frame   0x00001e6c       0xac ..\obj\console.o
 .debug_frame   0x00001f18       0xf8 ..\obj\systick.o
 .debug_frame   0x00002010       0x6c ..\obj\RIT_display.o
 .debug_frame   0x0000207c       0x64 c:/apps/coide/gcc/sourcery g++ lite/bin/../lib/gcc/arm-none-eabi/4.5.1/../../../../arm-none-eabi/lib/thumb2\libc.a(lib_a-sprintf.o)
 .debug_frame   0x000020e0       0x20 c:/apps/coide/gcc/sourcery g++ lite/bin/../lib/gcc/arm-none-eabi/4.5.1/../../../../arm-none-eabi/lib/thumb2\libc.a(lib_a-strlen.o)
 .debug_frame   0x00002100       0x2c c:/apps/coide/gcc/sourcery g++ lite/bin/../lib/gcc/arm-none-eabi/4.5.1/../../../../arm-none-eabi/lib/thumb2\libc.a(lib_a-strncpy.o)
 .debug_frame   0x0000212c       0x3c c:/apps/coide/gcc/sourcery g++ lite/bin/../lib/gcc/arm-none-eabi/4.5.1/../../../../arm-none-eabi/lib/thumb2\libc.a(lib_a-svfprintf.o)
 .debug_frame   0x00002168       0x68 c:/apps/coide/gcc/sourcery g++ lite/bin/../lib/gcc/arm-none-eabi/4.5.1/../../../../arm-none-eabi/lib/thumb2\libc.a(lib_a-dtoa.o)
 .debug_frame   0x000021d0       0x98 c:/apps/coide/gcc/sourcery g++ lite/bin/../lib/gcc/arm-none-eabi/4.5.1/../../../../arm-none-eabi/lib/thumb2\libc.a(lib_a-locale.o)
 .debug_frame   0x00002268       0x30 c:/apps/coide/gcc/sourcery g++ lite/bin/../lib/gcc/arm-none-eabi/4.5.1/../../../../arm-none-eabi/lib/thumb2\libc.a(lib_a-malloc.o)
 .debug_frame   0x00002298       0x3c c:/apps/coide/gcc/sourcery g++ lite/bin/../lib/gcc/arm-none-eabi/4.5.1/../../../../arm-none-eabi/lib/thumb2\libc.a(lib_a-mallocr.o)
 .debug_frame   0x000022d4       0x2c c:/apps/coide/gcc/sourcery g++ lite/bin/../lib/gcc/arm-none-eabi/4.5.1/../../../../arm-none-eabi/lib/thumb2\libc.a(lib_a-memchr.o)
 .debug_frame   0x00002300       0x30 c:/apps/coide/gcc/sourcery g++ lite/bin/../lib/gcc/arm-none-eabi/4.5.1/../../../../arm-none-eabi/lib/thumb2\libc.a(lib_a-memcpy.o)
 .debug_frame   0x00002330       0x30 c:/apps/coide/gcc/sourcery g++ lite/bin/../lib/gcc/arm-none-eabi/4.5.1/../../../../arm-none-eabi/lib/thumb2\libc.a(lib_a-mlock.o)
 .debug_frame   0x00002360      0x244 c:/apps/coide/gcc/sourcery g++ lite/bin/../lib/gcc/arm-none-eabi/4.5.1/../../../../arm-none-eabi/lib/thumb2\libc.a(lib_a-mprec.o)
 .debug_frame   0x000025a4       0x28 c:/apps/coide/gcc/sourcery g++ lite/bin/../lib/gcc/arm-none-eabi/4.5.1/../../../../arm-none-eabi/lib/thumb2\libc.a(lib_a-s_fpclassify.o)
 .debug_frame   0x000025cc       0x2c c:/apps/coide/gcc/sourcery g++ lite/bin/../lib/gcc/arm-none-eabi/4.5.1/../../../../arm-none-eabi/lib/thumb2\libc.a(lib_a-sbrkr.o)
 .debug_frame   0x000025f8       0x30 c:/apps/coide/gcc/sourcery g++ lite/bin/../lib/gcc/arm-none-eabi/4.5.1/../../../../arm-none-eabi/lib/thumb2\libc.a(lib_a-strcmp.o)
 .debug_frame   0x00002628       0x68 c:/apps/coide/gcc/sourcery g++ lite/bin/../lib/gcc/arm-none-eabi/4.5.1/../../../../arm-none-eabi/lib/thumb2\libc.a(lib_a-svfiprintf.o)
 .debug_frame   0x00002690       0x2c c:/apps/coide/gcc/sourcery g++ lite/bin/../lib/gcc/arm-none-eabi/4.5.1/../../../../arm-none-eabi/lib/thumb2\libc.a(lib_a-callocr.o)
 .debug_frame   0x000026bc       0x50 c:/apps/coide/gcc/sourcery g++ lite/bin/../lib/gcc/arm-none-eabi/4.5.1/../../../../arm-none-eabi/lib/thumb2\libc.a(lib_a-freer.o)
 .debug_frame   0x0000270c       0x2c c:/apps/coide/gcc/sourcery g++ lite/bin/../lib/gcc/arm-none-eabi/4.5.1/../../../../arm-none-eabi/lib/thumb2\libc.a(lib_a-memmove.o)
 .debug_frame   0x00002738       0x2c c:/apps/coide/gcc/sourcery g++ lite/bin/../lib/gcc/arm-none-eabi/4.5.1/../../../../arm-none-eabi/lib/thumb2\libc.a(lib_a-memset.o)
 .debug_frame   0x00002764       0x3c c:/apps/coide/gcc/sourcery g++ lite/bin/../lib/gcc/arm-none-eabi/4.5.1/../../../../arm-none-eabi/lib/thumb2\libc.a(lib_a-reallocr.o)
 .debug_frame   0x000027a0       0x64 c:/apps/coide/gcc/sourcery g++ lite/bin/../lib/gcc/arm-none-eabi/4.5.1/../../../../arm-none-eabi/lib/thumb2\libc.a(lib_a-reent.o)
 .debug_frame   0x00002804       0x20 c:/apps/coide/gcc/sourcery g++ lite/bin/../lib/gcc/arm-none-eabi/4.5.1/thumb2\libgcc.a(_udivsi3.o)
 .debug_frame   0x00002824       0x50 c:/apps/coide/gcc/sourcery g++ lite/bin/../lib/gcc/arm-none-eabi/4.5.1/thumb2\libgcc.a(bpabi.o)
 .debug_frame   0x00002874       0x3c c:/apps/coide/gcc/sourcery g++ lite/bin/../lib/gcc/arm-none-eabi/4.5.1/thumb2\libgcc.a(_divdi3.o)
 .debug_frame   0x000028b0       0x3c c:/apps/coide/gcc/sourcery g++ lite/bin/../lib/gcc/arm-none-eabi/4.5.1/thumb2\libgcc.a(_udivdi3.o)
